gcc -g p1original.c
 gdb a.out
GNU gdb (Ubuntu 8.1.1-0ubuntu1) 8.1.1
Copyright (C) 2018 Free Software Foundation, Inc.
License GPLv3+: GNU GPL version 3 or later <http://gnu.org/licenses/gpl.html>
This is free software: you are free to change and redistribute it.
There is NO WARRANTY, to the extent permitted by law.  Type "show copying"
and "show warranty" for details.
This GDB was configured as "x86_64-linux-gnu".
Type "show configuration" for configuration details.
For bug reporting instructions, please see:
unable to run, main file "main.sh" not found
 gcc -g p3original.c
 gdb a.out
GNU gdb (Ubuntu 8.1.1-0ubuntu1) 8.1.1
Copyright (C) 2018 Free Software Foundation, Inc.
License GPLv3+: GNU GPL version 3 or later <http://gnu.org/licenses/gpl.html>
This is free software: you are free to change and redistribute it.
There is NO WARRANTY, to the extent permitted by law.  Type "show copying"
and "show warranty" for details.
This GDB was configured as "x86_64-linux-gnu".
Type "show configuration" for configuration details.
For bug reporting instructions, please see:
<http://www.gnu.org/software/gdb/bugs/>.
Find the GDB manual and other documentation resources online at:
<http://www.gnu.org/software/gdb/documentation/>.
For help, type "help".
Type "apropos word" to search for commands related to "word"...
Reading symbols from a.out...done.
(gdb) b main
Breakpoint 1 at 0x7fc: file p3original.c, line 18.
(gdb) r
Starting program: /home/runner/pps-test1-AnushaV2203/a.out 
warning: Error disabling address space randomization: Operation not permitted

Breakpoint 1, main () at p3original.c:18
18  {
(gdb) n
20    input(&a,&b);
(gdb) s
input (a=0x7ffc0557a11c, b=0x7ffc0557a120) at p3original.c:4
4     printf("enter two numbers\n");
(gdb) n
enter two numbers
unable to run, main file "main.sh" not found
 gcc -g p4original.c
 gdb a.out
GNU gdb (Ubuntu 8.1.1-0ubuntu1) 8.1.1
Copyright (C) 2018 Free Software Foundation, Inc.
License GPLv3+: GNU GPL version 3 or later <http://gnu.org/licenses/gpl.html>
unable to run, main file "main.sh" not found
 gcc -g p4original.c
 gdb a.out
GNU gdb (Ubuntu 8.1.1-0ubuntu1) 8.1.1
Copyright (C) 2018 Free Software Foundation, Inc.
License GPLv3+: GNU GPL version 3 or later <http://gnu.org/licenses/gpl.html>
This is free software: you are free to change and redistribute it.
There is NO WARRANTY, to the extent permitted by law.  Type "show copying"
and "show warranty" for details.
This GDB was configured as "x86_64-linux-gnu".
Type "show configuration" for configuration details.
For bug reporting instructions, please see:
<http://www.gnu.org/software/gdb/bugs/>.
Find the GDB manual and other documentation resources online at:
<http://www.gnu.org/software/gdb/documentation/>.
For help, type "help".
Type "apropos word" to search for commands related to "word"...
Reading symbols from a.out...done.
(gdb) b main
Breakpoint 1 at 0x7f3: file p4original.c, line 38.
(gdb) r
Starting program: /home/runner/pps-test1-AnushaV2203/a.out 
warning: Error disabling address space randomization: Operation not permitted

Breakpoint 1, main () at p4original.c:38
38    printf("enter the three numbers\n");
(gdb) n
enter the three numbers
39    a=input();
(gdb) s
input () at p4original.c:30
30  {
(gdb) n
32    scanf("%d",&x);
(gdb) n
6
33    return x;
(gdb) n
34  }
(gdb) n
main () at p4original.c:40
40    b=input();
(gdb) s
input () at p4original.c:30
30  {
(gdb) n
32    scanf("%d",&x);
(gdb) n
8
33    return x;
(gdb) n
34  }
(gdb) n
main () at p4original.c:41
41    c=input();
(gdb) s
unable to run, main file "main.sh" not found
 gcc -g p5original.c
 gdb a.out
GNU gdb (Ubuntu 8.1.1-0ubuntu1) 8.1.1
Copyright (C) 2018 Free Software Foundation, Inc.
License GPLv3+: GNU GPL version 3 or later <http://gnu.org/licenses/gpl.html>
This is free software: you are free to change and redistribute it.
There is NO WARRANTY, to the extent permitted by law.  Type "show copying"
and "show warranty" for details.
This GDB was configured as "x86_64-linux-gnu".
Type "show configuration" for configuration details.
For bug reporting instructions, please see:
<http://www.gnu.org/software/gdb/bugs/>.
Find the GDB manual and other documentation resources online at:
<http://www.gnu.org/software/gdb/documentation/>.
For help, type "help".
Type "apropos word" to search for commands related to "word"...
Reading symbols from a.out...done.
(gdb) b main
Breakpoint 1 at 0x80f: file p5original.c, line 36.
(gdb) r
Starting program: /home/runner/pps-test1-AnushaV2203/a.out 
warning: Error disabling address space randomization: Operation not permitted

Breakpoint 1, main () at p5original.c:36
36  {
(gdb) n
38    input(&x,&y,&z);
(gdb) s
input (a=0x7ffd40454108, b=0x7ffd4045410c, c=0x7ffd40454110)
    at p5original.c:32
32    printf("enter any three numbers\n");
(gdb) n
enter any three numbers
33    scanf("%d,%d,%d",a,b,c);
(gdb) n
3 4 5
34  }
(gdb) n
main () at p5original.c:39
39    cmp(x,y,z,&large);
(gdb) s
cmp (a=3, b=21958, c=1078280704, large=0x7ffd40454114)
    at p5original.c:4
4     if(a>b)
(gdb) n
17    if(b>c)
(gdb) n
23      *large=c;
(gdb) n
26  }
(gdb) n
main () at p5original.c:40
40    printf("the large number is %d",large);
(gdb) n
41    return 0;
(gdb) c
Continuing.
the large number is 1078280704[Inferior 1 (process 52) exited normally]
(gdb) 